// Jest Snapshot v1, https://goo.gl/fbAQLP

exports[`Protocol adaptor list is complete PROTOCOLS 1`] = `
Array [
  Object {
    "address": "bsc:0x0E09FaBB73Bd3Ade0a17ECC321fD13a19e81cE82",
    "audit_links": Array [
      "https://docs.pancakeswap.finance/#is-it-safe",
    ],
    "audit_note": null,
    "audits": "0",
    "category": "Dexs",
    "chain": "Binance",
    "chains": Array [
      "bsc",
    ],
    "cmcId": null,
    "config": Object {
      "enabled": true,
      "id": "194",
      "protocolsData": Object {
        "stableswap": Object {
          "enabled": true,
          "id": "2529",
        },
        "v1": Object {
          "disabled": true,
          "enabled": true,
          "id": "2590",
        },
        "v2": Object {
          "enabled": true,
          "id": "194",
        },
      },
    },
    "description": "The #1 AMM and yield farm on Binance Smart Chain",
    "disabled": true,
    "displayName": "PancakeSwap AMM V1",
    "enabled": true,
    "forkedFrom": Array [
      "Uniswap",
    ],
    "gecko_id": null,
    "id": "194",
    "logo": "https://icons.llama.fi/pancakeswap-amm-v1.jpg",
    "methodology": Object {
      "Fees": "Swap fees paid by users",
      "HoldersRevenue": "Money going to governance token holders",
      "ProtocolRevenue": "Percentage of swap fees going to treasury",
      "Revenue": "Percentage of swap fees going to treasury and/or token holders",
      "SupplySideRevenue": "Liquidity providers revenue",
      "UserFees": "Swap fees paid by users",
    },
    "methodologyURL": "https://github.com/DefiLlama/dimension-adapters/blob/master/protocols/pancakeswap",
    "module": "pancakeswap",
    "name": "PancakeSwap AMM V1",
    "oracles": Array [],
    "parentProtocol": "PancakeSwap",
    "protocolType": undefined,
    "symbol": "CAKE",
    "twitter": "PancakeSwap",
    "url": "https://v1exchange.pancakeswap.finance/",
    "versionKey": "v1",
  },
  Object {
    "address": "bsc:0x0E09FaBB73Bd3Ade0a17ECC321fD13a19e81cE82",
    "audit_links": Array [
      "https://docs.pancakeswap.finance/#is-it-safe",
    ],
    "audit_note": null,
    "audits": "2",
    "category": "Dexs",
    "chain": "Binance",
    "chains": Array [
      "bsc",
      "ethereum",
    ],
    "cmcId": null,
    "config": Object {
      "enabled": true,
      "id": "194",
      "protocolsData": Object {
        "stableswap": Object {
          "enabled": true,
          "id": "2529",
        },
        "v1": Object {
          "disabled": true,
          "enabled": true,
          "id": "2590",
        },
        "v2": Object {
          "enabled": true,
          "id": "194",
        },
      },
    },
    "description": "The #1 AMM and yield farm on Binance Smart Chain",
    "disabled": false,
    "displayName": "PancakeSwap AMM",
    "enabled": true,
    "forkedFrom": Array [
      "Uniswap",
    ],
    "gecko_id": null,
    "id": "194",
    "logo": "https://icons.llama.fi/pancakeswap-amm.jpg",
    "methodology": Object {
      "Fees": "All fees comes from the user.",
      "HoldersRevenue": "0.0575% is used to facilitate CAKE buyback and burn.",
      "ProtocolRevenue": "Treasury receives 0.0225% of each swap.",
      "Revenue": "All revenue generated comes from user fees.",
      "SupplySideRevenue": "LPs receive 0.17% of the fees.",
      "UserFees": "User pays 0.25% fees on each swap.",
    },
    "methodologyURL": "https://github.com/DefiLlama/dimension-adapters/blob/master/protocols/pancakeswap",
    "module": "pancakeswap",
    "name": "PancakeSwap AMM",
    "oracles": Array [],
    "parentProtocol": "PancakeSwap",
    "protocolType": undefined,
    "symbol": "CAKE",
    "twitter": "PancakeSwap",
    "url": "https://pancakeswap.finance/",
    "versionKey": "v2",
  },
  Object {
    "address": "bsc:0x0E09FaBB73Bd3Ade0a17ECC321fD13a19e81cE82",
    "audit_note": null,
    "audits": "0",
    "category": "Dexs",
    "chain": "Binance",
    "chains": Array [
      "bsc",
    ],
    "cmcId": null,
    "config": Object {
      "enabled": true,
      "id": "194",
      "protocolsData": Object {
        "stableswap": Object {
          "enabled": true,
          "id": "2529",
        },
        "v1": Object {
          "disabled": true,
          "enabled": true,
          "id": "2590",
        },
        "v2": Object {
          "enabled": true,
          "id": "194",
        },
      },
    },
    "description": "StableSwap on PancakeSwap is a feature to trade stable pairs with a lower slippage based on an invariant curve slippage function. It is designed to swap specific assets that are priced closely â€“ such as USD stablecoin.",
    "disabled": false,
    "displayName": "PancakeSwap StableSwap",
    "enabled": true,
    "forkedFrom": Array [],
    "gecko_id": null,
    "id": "194",
    "listedAt": 1676313502,
    "logo": "https://icons.llama.fi/pancakeswap-stableswap.jpg",
    "methodology": Object {
      "Fees": "All fees comes from the user fees, which is 025% of each trade.",
      "HoldersRevenue": "A 40% of the fees is used to facilitate CAKE buyback and burn.",
      "ProtocolRevenue": "Treasury receives 10% of the fees.",
      "Revenue": "Revenue is 50% of the fees paid by users.",
      "SupplySideRevenue": "LPs receive 50% of the fees.",
      "UserFees": "User pays 0.25% fees on each swap.",
    },
    "methodologyURL": "https://github.com/DefiLlama/dimension-adapters/blob/master/protocols/pancakeswap",
    "module": "pancakeswap",
    "name": "PancakeSwap StableSwap",
    "oracles": Array [],
    "parentProtocol": "PancakeSwap",
    "protocolType": undefined,
    "symbol": "CAKE",
    "twitter": "PancakeSwap",
    "url": "https://pancakeswap.finance/swap",
    "versionKey": "stableswap",
  },
  Object {
    "address": "0x1f9840a85d5af5bf1d1762f925bdaddc4201f984",
    "audit_links": Array [
      "https://github.com/Uniswap/uniswap-v3-core/tree/main/audits",
      "https://github.com/Uniswap/uniswap-v3-periphery/tree/main/audits",
      "https://github.com/ConsenSys/Uniswap-audit-report-2018-12",
    ],
    "audit_note": null,
    "audits": "2",
    "category": "Dexs",
    "chain": "Ethereum",
    "chains": Array [
      "ethereum",
    ],
    "cmcId": "595",
    "config": Object {
      "enabled": true,
      "id": "1",
      "protocolsData": Object {
        "v1": Object {
          "enabled": true,
          "id": "2196",
        },
        "v2": Object {
          "enabled": true,
          "id": "2197",
        },
        "v3": Object {
          "enabled": true,
          "id": "2198",
        },
      },
    },
    "description": "A fully decentralized protocol for automated liquidity provision on Ethereum. V1
",
    "disabled": false,
    "displayName": "Uniswap V1",
    "enabled": true,
    "gecko_id": "uniswap",
    "id": "1",
    "listedAt": 1666191149,
    "logo": "https://icons.llama.fi/uniswap-v1.png",
    "methodology": Object {
      "Fees": "Swap fees paid by users",
      "HoldersRevenue": "Holders have no revenue.",
      "ProtocolRevenue": "Protocol have no revenue.",
      "Revenue": "Percentage of swap fees going to treasury and/or token holders",
      "SupplySideRevenue": "All user fees are distributed among LPs.",
      "UserFees": "User pays 0.3% fees on each swap.",
    },
    "methodologyURL": "https://github.com/DefiLlama/dimension-adapters/blob/master/protocols/uniswap",
    "module": "uniswap",
    "name": "Uniswap V1",
    "oracles": Array [],
    "parentProtocol": "Uniswap",
    "protocolType": undefined,
    "symbol": "UNI",
    "twitter": "Uniswap",
    "url": "https://uniswap.org/",
    "versionKey": "v1",
  },
  Object {
    "address": "0x1f9840a85d5af5bf1d1762f925bdaddc4201f984",
    "audit_links": Array [
      "https://github.com/Uniswap/uniswap-v3-core/tree/main/audits",
      "https://github.com/Uniswap/uniswap-v3-periphery/tree/main/audits",
      "https://github.com/ConsenSys/Uniswap-audit-report-2018-12",
    ],
    "audit_note": null,
    "audits": "2",
    "category": "Dexs",
    "chain": "Ethereum",
    "chains": Array [
      "ethereum",
    ],
    "cmcId": "1069",
    "config": Object {
      "enabled": true,
      "id": "1",
      "protocolsData": Object {
        "v1": Object {
          "enabled": true,
          "id": "2196",
        },
        "v2": Object {
          "enabled": true,
          "id": "2197",
        },
        "v3": Object {
          "enabled": true,
          "id": "2198",
        },
      },
    },
    "description": "A fully decentralized protocol for automated liquidity provision on Ethereum. V2
",
    "disabled": false,
    "displayName": "Uniswap V2",
    "enabled": true,
    "gecko_id": null,
    "id": "1",
    "listedAt": 1666191162,
    "logo": "https://icons.llama.fi/uniswap-v2.png",
    "methodology": Object {
      "Fees": "Swap fees paid by users",
      "HoldersRevenue": "Holders have no revenue.",
      "ProtocolRevenue": "Protocol have no revenue.",
      "Revenue": "Percentage of swap fees going to treasury and/or token holders",
      "SupplySideRevenue": "All user fees are distributed among LPs.",
      "UserFees": "User pays 0.3% fees on each swap.",
    },
    "methodologyURL": "https://github.com/DefiLlama/dimension-adapters/blob/master/protocols/uniswap",
    "module": "uniswap",
    "name": "Uniswap V2",
    "oracles": Array [],
    "parentProtocol": "Uniswap",
    "protocolType": undefined,
    "symbol": "UNI",
    "twitter": "Uniswap",
    "url": "https://uniswap.org/",
    "versionKey": "v2",
  },
  Object {
    "address": "0x1f9840a85d5af5bf1d1762f925bdaddc4201f984",
    "audit_links": Array [
      "https://github.com/Uniswap/uniswap-v3-core/tree/main/audits",
      "https://github.com/Uniswap/uniswap-v3-periphery/tree/main/audits",
      "https://github.com/ConsenSys/Uniswap-audit-report-2018-12",
    ],
    "audit_note": null,
    "audits": "2",
    "category": "Dexs",
    "chain": "Ethereum",
    "chains": Array [
      "ethereum",
      "arbitrum",
      "polygon",
      "celo",
      "bsc",
    ],
    "cmcId": "1348",
    "config": Object {
      "enabled": true,
      "id": "1",
      "protocolsData": Object {
        "v1": Object {
          "enabled": true,
          "id": "2196",
        },
        "v2": Object {
          "enabled": true,
          "id": "2197",
        },
        "v3": Object {
          "enabled": true,
          "id": "2198",
        },
      },
    },
    "description": "A fully decentralized protocol for automated liquidity provision on Ethereum. V2
",
    "disabled": false,
    "displayName": "Uniswap V3",
    "enabled": true,
    "gecko_id": null,
    "id": "1",
    "listedAt": 1666191475,
    "logo": "https://icons.llama.fi/uniswap-v3.png",
    "methodology": Object {
      "Fees": "Swap fees paid by users",
      "HoldersRevenue": "Holders have no revenue.",
      "ProtocolRevenue": "Protocol have no revenue.",
      "Revenue": "Percentage of swap fees going to treasury and/or token holders",
      "SupplySideRevenue": "All user fees are distributed among LPs.",
      "UserFees": "User pays 0.05%, 0.30%, or 1% on each swap.",
    },
    "methodologyURL": "https://github.com/DefiLlama/dimension-adapters/blob/master/protocols/uniswap",
    "module": "uniswap",
    "name": "Uniswap V3",
    "oracles": Array [],
    "parentProtocol": "Uniswap",
    "protocolType": undefined,
    "symbol": "UNI",
    "treasury": "uniswap.js",
    "twitter": "Uniswap",
    "url": "https://uniswap.org/",
    "versionKey": "v3",
  },
]
`;
